MAP
    # the following two lines tell MapServer to write debugging output to a log file.  Remove the '#' from the beginning
    # of the two lines below to enable this logging:
    CONFIG "MS_ERRORFILE" "/var/www/mapserver.southfact.com/mapserver-maps/vlayers.log"
    DEBUG 5
    CONFIG "CPL_DEBUG" "ON"
    CONFIG "CPL_TIMESTAMP" "ON"
    CONFIG "PROJ_DEBUG" "ON"

    # all temp files get prefixed with this string
    NAME SF-Test

    #jdm:added to accomodate map layers
    #see http://trac.osgeo.org/mapserver/ticket/3055
    MAXSIZE 3072

    # background color of image if transparency
    # is not requested
    IMAGECOLOR 255 255 255

    # default output image dimensions
    SIZE 600 400

    # always returns a map
    STATUS ON

    # set top level projection
    PROJECTION
        "init=epsg:5070"
    END

    # image format options
    OUTPUTFORMAT
        NAME "PNG"
        DRIVER "GDAL/PNG"
        MIMETYPE "image/png"
        IMAGEMODE "RGB"
        EXTENSION "png"
    END

    EXTENT    -124.733174 24.543940 -66.950005 49.384359 # US

    # Start of web interface definition
    WEB

        # this is the real filepath to the temp dir for intermediate file creation
        IMAGEPATH "./tmp"

        # this is the web-accessible path to IMAGEPATH
        IMAGEURL "/tmp/"


        METADATA
            "ows_enable_request"     "*"
            "wms_title"              "test SF"
            "wms_abstract"           "test SF"
            "wms_onlineresource"     "https://mapserver.southfact.com/mapserv.fcgi"
            "wms_srs"                "EPSG:3857 EPSG:4326 EPSG:5070 EPSG:900913"
        END
    END

    QUERYMAP
        STATUS OFF
    END

    # set defaults for GetLegendGraphic requests
    LEGEND
        KEYSIZE 25 15
    END

  # southfact SWIR current to date sentinel 2
  LAYER
    NAME "current-swir-all-sentinel2"
    STATUS ON
    TYPE RASTER
    #DATA "/mnt/efs/MapServerTestData/NDMI-Latest-Change-Between-2022-and-2021L8CONUSMosaic2.tif"
    DATA "/vsicurl/https://data.southfact.com/current-year-to-date/swirLatestChangeS2CONUS.tif"
    PROJECTION
      "init=epsg:5070"
    END
    INCLUDE "swir.cmap"
    METADATA
        "wms_title"             "current-swir-all-sentinel2"
        "wms_abstract"          "current-swir-all-sentinel2"
        "gml_include_items"     "value_0"
    END  # end METADATA
  END # end LAYER

  # southfact SWIR current to date sentinel 2
  LAYER
    NAME "current-swir-threshold-sentinel2"
    STATUS ON
    TYPE RASTER
    #DATA "/mnt/efs/MapServerTestData/NDMI-Latest-Change-Between-2022-and-2021L8CONUSMosaic2.tif"
    DATA "/vsicurl/https://data.southfact.com/current-year-to-date/swirLatestChangeS2CONUS.tif"
    PROJECTION
      "init=epsg:5070"
    END
    INCLUDE "swir-threshold.cmap"
    METADATA
        "wms_title"             "current-swir-threshold-sentinel2"
        "wms_abstract"          "current-swir-threshold-sentinel2"
        "gml_include_items"     "value_0"
    END  # end METADATA
  END # end LAYER

  # southfact NDVI current to date sentinel 2
  LAYER
    NAME "current-ndvi-sentinel2"
    STATUS ON
    TYPE RASTER
    #DATA "/mnt/efs/MapServerTestData/NDMI-Latest-Change-Between-2022-and-2021L8CONUSMosaic2.tif"
    DATA "/vsicurl/https://data.southfact.com/current-year-to-date/ndviLatestChangeS2CONUS.tif"
    PROJECTION
      "init=epsg:5070"
    END
    INCLUDE "ndvi.cmap"
    METADATA
        "wms_title"             "current-ndvi-sentinel2"
        "wms_abstract"          "current-ndvi-sentinel2"
        "gml_include_items"     "value_0"
    END  # end METADATA
  END # end LAYER

  # southfact NDMI current to date sentinel 2
  LAYER
    NAME "current-ndmi-sentinel2"
    STATUS ON
    TYPE RASTER
    #DATA "/mnt/efs/MapServerTestData/NDMI-Latest-Change-Between-2022-and-2021L8CONUSMosaic2.tif"
    DATA "/vsicurl/https://data.southfact.com/current-year-to-date/ndviLatestChangeS2CONUS.tif"
    PROJECTION
      "init=epsg:5070"
    END
    INCLUDE "ndmi.cmap"
    METADATA
        "wms_title"             "current-ndmi-sentinel2"
        "wms_abstract"          "current-ndmi-sentinel2"
        "gml_include_items"     "value_0"
    END  # end METADATA
  END # end LAYER

  # southfact SWIR current to date landsat8
  LAYER
    NAME "current-swir-all-landsat8"
    STATUS ON
    TYPE RASTER
    DATA "/vsicurl/https://data.southfact.com/current-year-to-date/swirLatestChangeL8CONUS.tif"
    PROJECTION
      "init=epsg:5070"
    END
    INCLUDE "swir.cmap"
    METADATA
        "wms_title"             "current-swir-all-landsat8"
        "wms_abstract"          "current-swir-all-landsat8"
        "gml_include_items"     "value_0"
    END  # end METADATA
  END # end LAYER

  # southfact SWIR current to date landsat8
  LAYER
    NAME "current-swir-threshold-landsat8"
    STATUS ON
    TYPE RASTER
    DATA "/vsicurl/https://data.southfact.com/current-year-to-date/swirLatestChangeL8CONUS.tif"
    PROJECTION
      "init=epsg:5070"
    END
    INCLUDE "swir-threshold.cmap"
    METADATA
        "wms_title"             "current-swir-threshold-landsat8"
        "wms_abstract"          "current-swir-threshold-landsat8"
        "gml_include_items"     "value_0"
    END  # end METADATA
  END # end LAYER

  # southfact NDVI current to date landsat8
  LAYER
    NAME "current-ndvi-landsat8"
    STATUS ON
    TYPE RASTER
    DATA "/vsicurl/https://data.southfact.com/current-year-to-date/ndviLatestChangeL8CONUS.tif"
    PROJECTION
      "init=epsg:5070"
    END
    INCLUDE "ndvi.cmap"
    METADATA
        "wms_title"             "current-ndvi-landsat8"
        "wms_abstract"          "current-ndvi-landsat8"
        "gml_include_items"     "value_0"
    END  # end METADATA
  END # end LAYER

  # southfact NDMI current to date landsat8
  LAYER
    NAME "current-ndmi-landsat8"
    STATUS ON
    TYPE RASTER
    DATA "/vsicurl/https://data.southfact.com/current-year-to-date/ndmiLatestChangeL8CONUS.tif"
    PROJECTION
      "init=epsg:5070"
    END
    INCLUDE "ndmi.cmap"
    METADATA
        "wms_title"             "current-ndmi-landsat8"
        "wms_abstract"          "current-ndmi-landsat8"
        "gml_include_items"     "value_0"
    END  # end METADATA
  END # end LAYER

END
